============================================
+     Tests for 7-base_geometry.py         +
============================================

import the module
>>> BaseGeometry = __import__("7-base_geometry").BaseGeometry

instantiate a BaseGeometry instance
>>> bg = BaseGeometry()

area method raises not implemented error
>>> bg.area()
Traceback (most recent call last):
Exception: area() is not implemented

integer_validator method works with correct arguments
>>> bg.integer_validator("size", 12)

integer_validator method with non integer value raises error
>>> bg.integer_validator("size", "int")
Traceback (most recent call last):
TypeError: size must be an integer

integer_validator method only works with non zero positive numbers
>>> bg.integer_validator("size", 0)
Traceback (most recent call last):
ValueError: size must be greater than 0

>>> bg.integer_validator("size", -2)
Traceback (most recent call last):
ValueError: size must be greater than 0

raises error if called with wrong number of arguments
>>> bg.integer_validator("size")
Traceback (most recent call last):
TypeError: integer_validator() missing 1 required positional argument: 'value'

raises error if called with no arguments
>>> bg.integer_validator()
Traceback (most recent call last):
TypeError: integer_validator() missing 2 required positional arguments: 'name' and 'value'